============================= test session starts =============================
platform win32 -- Python 3.13.3, pytest-8.3.5, pluggy-1.6.0 -- C:\Users\elias\AppData\Local\Programs\Python\Python313\python.exe
cachedir: .pytest_cache
rootdir: C:\Users\elias\Dev\machi-workspace\AstroWikiBuilder
configfile: pyproject.toml
plugins: cov-7.0.0, mock-3.15.1
collecting ... collected 72 items

tests/unit/test_collectors/test_exoplanet_eu_collector.py::TestExoplanetEUCollector::test_initialization_with_mock_data PASSED [  1%]
tests/unit/test_collectors/test_exoplanet_eu_collector.py::TestExoplanetEUCollector::test_get_source_type PASSED [  2%]
tests/unit/test_collectors/test_exoplanet_eu_collector.py::TestExoplanetEUCollector::test_get_data_download_url PASSED [  4%]
tests/unit/test_collectors/test_exoplanet_eu_collector.py::TestExoplanetEUCollector::test_get_source_reference_url PASSED [  5%]
tests/unit/test_collectors/test_exoplanet_eu_collector.py::TestExoplanetEUCollector::test_get_required_csv_columns PASSED [  6%]
tests/unit/test_collectors/test_exoplanet_eu_collector.py::TestExoplanetEUCollector::test_get_csv_reader_options PASSED [  8%]
tests/unit/test_collectors/test_exoplanet_eu_collector.py::TestExoplanetEUCollector::test_validate_required_columns_success PASSED [  9%]
tests/unit/test_collectors/test_exoplanet_eu_collector.py::TestExoplanetEUCollector::test_convert_to_float_if_possible PASSED [ 11%]
tests/unit/test_collectors/test_exoplanet_eu_collector.py::TestExoplanetEUCollector::test_transform_row_to_star_returns_none PASSED [ 12%]
tests/unit/test_collectors/test_nasa_collector.py::TestNASAExoplanetArchiveCollector::test_initialization_with_mock_data PASSED [ 13%]
tests/unit/test_collectors/test_nasa_collector.py::TestNASAExoplanetArchiveCollector::test_get_source_type PASSED [ 15%]
tests/unit/test_collectors/test_nasa_collector.py::TestNASAExoplanetArchiveCollector::test_get_data_download_url PASSED [ 16%]
tests/unit/test_collectors/test_nasa_collector.py::TestNASAExoplanetArchiveCollector::test_get_source_reference_url PASSED [ 18%]
tests/unit/test_collectors/test_nasa_collector.py::TestNASAExoplanetArchiveCollector::test_get_required_csv_columns PASSED [ 19%]
tests/unit/test_collectors/test_nasa_collector.py::TestNASAExoplanetArchiveCollector::test_validate_required_columns_success FAILED [ 20%]
tests/unit/test_collectors/test_nasa_collector.py::TestNASAExoplanetArchiveCollector::test_convert_to_float_if_possible PASSED [ 22%]
tests/unit/test_collectors/test_nasa_collector.py::TestNASAExoplanetArchiveCollector::test_load_source_dataframe_with_mock PASSED [ 23%]
tests/unit/test_collectors/test_open_exoplanet_collector.py::TestOpenExoplanetCollector::test_initialization_with_mock_data PASSED [ 25%]
tests/unit/test_collectors/test_open_exoplanet_collector.py::TestOpenExoplanetCollector::test_get_source_type PASSED [ 26%]
tests/unit/test_collectors/test_open_exoplanet_collector.py::TestOpenExoplanetCollector::test_get_data_download_url PASSED [ 27%]
tests/unit/test_collectors/test_open_exoplanet_collector.py::TestOpenExoplanetCollector::test_get_source_reference_url PASSED [ 29%]
tests/unit/test_collectors/test_open_exoplanet_collector.py::TestOpenExoplanetCollector::test_get_required_csv_columns PASSED [ 30%]
tests/unit/test_collectors/test_open_exoplanet_collector.py::TestOpenExoplanetCollector::test_validate_required_columns_success PASSED [ 31%]
tests/unit/test_collectors/test_open_exoplanet_collector.py::TestOpenExoplanetCollector::test_convert_to_float_if_possible PASSED [ 33%]
tests/unit/test_collectors/test_open_exoplanet_collector.py::TestOpenExoplanetCollector::test_transform_row_to_star_returns_none PASSED [ 34%]
tests/unit/test_generators/test_article_generators.py::TestExoplanetArticleGenerator::test_initialization PASSED [ 36%]
tests/unit/test_generators/test_article_generators.py::TestExoplanetArticleGenerator::test_compose_article_with_sample_exoplanet FAILED [ 37%]
tests/unit/test_generators/test_article_generators.py::TestExoplanetArticleGenerator::test_article_contains_infobox FAILED [ 38%]
tests/unit/test_generators/test_article_generators.py::TestExoplanetArticleGenerator::test_article_contains_references FAILED [ 40%]
tests/unit/test_generators/test_article_generators.py::TestStarArticleGenerator::test_initialization PASSED [ 41%]
tests/unit/test_generators/test_article_generators.py::TestStarArticleGenerator::test_compose_article_with_sample_star PASSED [ 43%]
tests/unit/test_generators/test_article_generators.py::TestStarArticleGenerator::test_article_with_exoplanets PASSED [ 44%]
tests/unit/test_generators/test_article_generators.py::TestStarArticleGenerator::test_article_contains_infobox PASSED [ 45%]
tests/unit/test_generators/test_article_generators.py::TestStarArticleGenerator::test_article_contains_spectral_type PASSED [ 47%]
tests/unit/test_models/test_exoplanet.py::TestExoplanet::test_create_exoplanet_with_all_fields FAILED [ 48%]
tests/unit/test_models/test_exoplanet.py::TestExoplanet::test_exoplanet_with_minimal_fields PASSED [ 50%]
tests/unit/test_models/test_exoplanet.py::TestExoplanet::test_exoplanet_value_with_uncertainty PASSED [ 51%]
tests/unit/test_models/test_exoplanet.py::TestExoplanet::test_exoplanet_str_representation PASSED [ 52%]
tests/unit/test_models/test_exoplanet.py::TestValueWithUncertainty::test_create_value_with_uncertainty PASSED [ 54%]
tests/unit/test_models/test_exoplanet.py::TestValueWithUncertainty::test_value_without_errors PASSED [ 55%]
tests/unit/test_models/test_exoplanet.py::TestValueWithUncertainty::test_asymmetric_errors PASSED [ 56%]
tests/unit/test_models/test_reference.py::TestReference::test_create_reference_with_all_fields PASSED [ 58%]
tests/unit/test_models/test_reference.py::TestReference::test_reference_with_minimal_fields PASSED [ 59%]
tests/unit/test_models/test_reference.py::TestReference::test_source_types PASSED [ 61%]
tests/unit/test_models/test_reference.py::TestReference::test_reference_str_representation PASSED [ 62%]
tests/unit/test_models/test_star.py::TestStar::test_create_star_with_all_fields PASSED [ 63%]
tests/unit/test_models/test_star.py::TestStar::test_star_with_minimal_fields PASSED [ 65%]
tests/unit/test_models/test_star.py::TestStar::test_star_distance_with_uncertainty PASSED [ 66%]
tests/unit/test_models/test_star.py::TestStar::test_star_str_representation PASSED [ 68%]
tests/unit/test_orchestration/test_cli_parser.py::TestCLIParser::test_parse_default_arguments PASSED [ 69%]
tests/unit/test_orchestration/test_cli_parser.py::TestCLIParser::test_parse_multiple_sources PASSED [ 70%]
tests/unit/test_orchestration/test_cli_parser.py::TestCLIParser::test_parse_with_mock PASSED [ 72%]
tests/unit/test_orchestration/test_cli_parser.py::TestCLIParser::test_parse_skip_wikipedia PASSED [ 73%]
tests/unit/test_orchestration/test_cli_parser.py::TestCLIParser::test_parse_custom_directories PASSED [ 75%]
tests/unit/test_orchestration/test_cli_parser.py::TestCLIParser::test_parse_combined_options PASSED [ 76%]
tests/unit/test_services/test_repositories.py::TestExoplanetRepository::test_initialization PASSED [ 77%]
tests/unit/test_services/test_repositories.py::TestExoplanetRepository::test_get_all_exoplanets_empty PASSED [ 79%]
tests/unit/test_services/test_repositories.py::TestExoplanetRepository::test_add_exoplanets_from_source PASSED [ 80%]
tests/unit/test_services/test_repositories.py::TestExoplanetRepository::test_add_multiple_exoplanets PASSED [ 81%]
tests/unit/test_services/test_repositories.py::TestStarRepository::test_initialization PASSED [ 83%]
tests/unit/test_services/test_repositories.py::TestStarRepository::test_get_all_stars_empty PASSED [ 84%]
tests/unit/test_services/test_repositories.py::TestStarRepository::test_add_stars_from_source PASSED [ 86%]
tests/unit/test_services/test_repositories.py::TestStarRepository::test_add_multiple_stars PASSED [ 87%]
tests/unit/test_services/test_statistics_service.py::TestStatisticsService::test_initialization PASSED [ 88%]
tests/unit/test_services/test_statistics_service.py::TestStatisticsService::test_generate_statistics_exoplanet_empty_list PASSED [ 90%]
tests/unit/test_services/test_statistics_service.py::TestStatisticsService::test_generate_statistics_exoplanet_with_data FAILED [ 91%]
tests/unit/test_services/test_statistics_service.py::TestStatisticsService::test_generate_statistics_star_empty_list PASSED [ 93%]
tests/unit/test_services/test_statistics_service.py::TestStatisticsService::test_generate_statistics_star_with_data PASSED [ 94%]
tests/unit/test_services/test_statistics_service.py::TestStatisticsService::test_mass_ranges_classification PASSED [ 95%]
tests/unit/test_utils/test_directory_utils.py::TestDirectoryUtils::test_create_output_directories PASSED [ 97%]
tests/unit/test_utils/test_directory_utils.py::TestDirectoryUtils::test_create_output_directories_without_consolidated PASSED [ 98%]
tests/unit/test_utils/test_directory_utils.py::TestDirectoryUtils::test_create_output_directories_already_exist PASSED [100%]

================================== FAILURES ===================================
__ TestNASAExoplanetArchiveCollector.test_validate_required_columns_success ___
tests\unit\test_collectors\test_nasa_collector.py:74: in test_validate_required_columns_success
    assert result is True
E   assert False is True
------------------------------ Captured log call ------------------------------
ERROR    src.collectors.base_collector:base_collector.py:117 Colonnes manquantes : ['discoverymethod', 'disc_year'] (dans data\generated/random_exoplanets_25.csv)
__ TestExoplanetArticleGenerator.test_compose_article_with_sample_exoplanet ___
tests\unit\test_generators\test_article_generators.py:26: in test_compose_article_with_sample_exoplanet
    article = generator.compose_wikipedia_article_content(sample_exoplanet)
src\generators\articles\exoplanet\exoplanet_article_generator.py:70: in compose_wikipedia_article_content
    self.content_generator.compose_exoplanet_content(exoplanet),
src\generators\articles\exoplanet\parts\exoplanet_content_generator.py:35: in compose_exoplanet_content
    self.build_orbit_section(exoplanet),
src\generators\articles\exoplanet\parts\exoplanet_content_generator.py:81: in build_orbit_section
    period_str: str = self.article_utils.format_uncertain_value_for_article(
src\utils\formatters\article_formatters.py:82: in format_uncertain_value_for_article
    error_str += f"+{self.format_number_as_french_string(value_with_uncertainty.error_positive)}"
E   TypeError: unsupported operand type(s) for +=: 'NoneType' and 'str'
_________ TestExoplanetArticleGenerator.test_article_contains_infobox _________
tests\unit\test_generators\test_article_generators.py:43: in test_article_contains_infobox
    article = generator.compose_wikipedia_article_content(sample_exoplanet)
src\generators\articles\exoplanet\exoplanet_article_generator.py:70: in compose_wikipedia_article_content
    self.content_generator.compose_exoplanet_content(exoplanet),
src\generators\articles\exoplanet\parts\exoplanet_content_generator.py:35: in compose_exoplanet_content
    self.build_orbit_section(exoplanet),
src\generators\articles\exoplanet\parts\exoplanet_content_generator.py:81: in build_orbit_section
    period_str: str = self.article_utils.format_uncertain_value_for_article(
src\utils\formatters\article_formatters.py:82: in format_uncertain_value_for_article
    error_str += f"+{self.format_number_as_french_string(value_with_uncertainty.error_positive)}"
E   TypeError: unsupported operand type(s) for +=: 'NoneType' and 'str'
_______ TestExoplanetArticleGenerator.test_article_contains_references ________
tests\unit\test_generators\test_article_generators.py:50: in test_article_contains_references
    article = generator.compose_wikipedia_article_content(sample_exoplanet)
src\generators\articles\exoplanet\exoplanet_article_generator.py:70: in compose_wikipedia_article_content
    self.content_generator.compose_exoplanet_content(exoplanet),
src\generators\articles\exoplanet\parts\exoplanet_content_generator.py:35: in compose_exoplanet_content
    self.build_orbit_section(exoplanet),
src\generators\articles\exoplanet\parts\exoplanet_content_generator.py:81: in build_orbit_section
    period_str: str = self.article_utils.format_uncertain_value_for_article(
src\utils\formatters\article_formatters.py:82: in format_uncertain_value_for_article
    error_str += f"+{self.format_number_as_french_string(value_with_uncertainty.error_positive)}"
E   TypeError: unsupported operand type(s) for +=: 'NoneType' and 'str'
_____________ TestExoplanet.test_create_exoplanet_with_all_fields _____________
tests\unit\test_models\test_exoplanet.py:23: in test_create_exoplanet_with_all_fields
    assert exo.disc_method == "Transit"
E   AssertionError: assert None == 'Transit'
E    +  where None = Exoplanet(pl_name='HD 209458 b', pl_altname=[], image=None, caption=None, sy_constellation=None, st_name='HD 209458', st_epoch=None, st_right_ascension=None, st_declination=None, st_distance=None, st_spectral_type=None, st_apparent_magnitude=None, st_luminosity=None, pl_semi_major_axis=None, pl_periastron=None, pl_apoastron=None, pl_eccentricity=None, pl_orbital_period=ValueWithUncertainty(value=3.5247, error_positive=0.0001, error_negative=0.0001, sign=None), pl_angular_distance=None, pl_periastron_time=None, pl_inclination=None, pl_argument_of_periastron=None, pl_epoch=None, pl_mass=ValueWithUncertainty(value=0.69, error_positive=0.05, error_negative=0.05, sign=None), pl_minimum_mass=None, pl_radius=ValueWithUncertainty(value=1.35, error_positive=0.05, error_negative=0.05, sign=None), pl_density=None, pl_gravity=None, pl_rotation_period=None, pl_temperature=None, pl_albedo_bond=None, pl_pressure=None, pl_composition=None, pl_wind_speed=None, disc_by=None, disc_program=None, disc_method=None, disc_year=None, disc_facility=None, pre_discovery=None, detection_type=None, status=None, reference=Reference(source=<SourceType.NEA: 'NEA'>, update_date=datetime.datetime(2025, 1, 1, 0, 0), consultation_date=datetime.datetime(2025, 1, 15, 0, 0), star_id='HD 209458', planet_id='HD 209458 b'), st_mass=None, st_radius=None, st_variability=None, st_metallicity=None).disc_method
_____ TestStatisticsService.test_generate_statistics_exoplanet_with_data ______
tests\unit\test_services\test_statistics_service.py:41: in test_generate_statistics_exoplanet_with_data
    exo1 = Exoplanet(
E   TypeError: Exoplanet.__init__() got an unexpected keyword argument 'pl_discovery_year'
=========================== short test summary info ===========================
FAILED tests/unit/test_collectors/test_nasa_collector.py::TestNASAExoplanetArchiveCollector::test_validate_required_columns_success
FAILED tests/unit/test_generators/test_article_generators.py::TestExoplanetArticleGenerator::test_compose_article_with_sample_exoplanet
FAILED tests/unit/test_generators/test_article_generators.py::TestExoplanetArticleGenerator::test_article_contains_infobox
FAILED tests/unit/test_generators/test_article_generators.py::TestExoplanetArticleGenerator::test_article_contains_references
FAILED tests/unit/test_models/test_exoplanet.py::TestExoplanet::test_create_exoplanet_with_all_fields
FAILED tests/unit/test_services/test_statistics_service.py::TestStatisticsService::test_generate_statistics_exoplanet_with_data
======================== 6 failed, 66 passed in 1.95s =========================
